[updaterecomended.com/index1244.html]
[backblue.gif]
[fade.gif]
[index.html]
[littlecdn.com/clickadu/templates/mobileSchema/youtube/css/style.css]
[littlecdn.com/clickadu/templates/mobileSchema/youtube/img/default/1.jpg]
[littlecdn.com/clickadu/templates/mobileSchema/youtube/img/logo/1.png]
[littlecdn.com/clickadu/templates/mobileSchema/youtube/img/default/2.jpg]
[littlecdn.com/clickadu/templates/mobileSchema/youtube/img/logo/2.png]
[littlecdn.com/clickadu/templates/mobileSchema/youtube/img/default/3.jpg]
[littlecdn.com/clickadu/templates/mobileSchema/youtube/img/logo/3.png]
[littlecdn.com/clickadu/templates/mobileSchema/youtube/img/default/4.jpg]
[littlecdn.com/clickadu/templates/mobileSchema/youtube/img/logo/4.png]
[littlecdn.com/clickadu/templates/mobileSchema/youtube/img/default/v1.jpg]
[littlecdn.com/clickadu/templates/mobileSchema/youtube/img/default/v2.jpg]
[littlecdn.com/clickadu/templates/mobileSchema/youtube/img/default/v3.jpg]
[littlecdn.com/clickadu/templates/mobileSchema/youtube/img/default/v4.jpg]
[littlecdn.com/clickadu/templates/mobileSchema/youtube/img/default/v5.jpg]
[littlecdn.com/clickadu/templates/mobileSchema/youtube/img/default/v6.jpg]
[littlecdn.com/clickadu/templates/mobileSchema/youtube/img/default/v7.jpg]
[littlecdn.com/clickadu/templates/mobileSchema/youtube/img/default/5.jpg]
[littlecdn.com/clickadu/templates/mobileSchema/youtube/img/logo/5.png]
[littlecdn.com/clickadu/templates/mobileSchema/youtube/img/default/6.jpg]
[littlecdn.com/clickadu/templates/mobileSchema/youtube/img/logo/6.png]
[littlecdn.com/clickadu/templates/mobileSchema/youtube/img/default/7.jpg]
[littlecdn.com/clickadu/templates/mobileSchema/youtube/img/logo/7.png]
[littlecdn.com/clickadu/templates/mobileSchema/youtube/img/default/8.jpg]
[littlecdn.com/clickadu/templates/mobileSchema/youtube/img/logo/8.png]
[littlecdn.com/clickadu/templates/mobileSchema/youtube/img/default/9.jpg]
[littlecdn.com/clickadu/templates/mobileSchema/youtube/img/logo/9.png]
[littlecdn.com/clickadu/templates/mobileSchema/youtube/img/default/10.jpg]
[littlecdn.com/clickadu/templates/mobileSchema/youtube/img/logo/10.png]
[littlecdn.com/clickadu/templates/mobileSchema/youtube/img/default/11.jpg]
[littlecdn.com/clickadu/templates/mobileSchema/youtube/img/logo/11.png]
[littlecdn.com/clickadu/templates/mobileSchema/youtube/img/default/12.jpg]
[littlecdn.com/clickadu/templates/mobileSchema/youtube/img/logo/12.png]
[littlecdn.com/clickadu/templates/mobileSchema/youtube/img/default/13.jpg]
[littlecdn.com/clickadu/templates/mobileSchema/youtube/img/logo/13.png]
[littlecdn.com/clickadu/templates/mobileSchema/youtube/img/default/14.jpg]
[littlecdn.com/clickadu/templates/mobileSchema/youtube/img/logo/14.png]
[littlecdn.com/clickadu/templates/mobileSchema/youtube/img/default/15.jpg]
[littlecdn.com/clickadu/templates/mobileSchema/youtube/img/logo/15.png]
[littlecdn.com/clickadu/templates/mobileSchema/youtube/img/default/16.jpg]
[littlecdn.com/clickadu/templates/mobileSchema/youtube/img/logo/16.png]
[updaterecomended.com/url_string.28.delayed]
[updaterecomended.com/index1244.html]
[updaterecomended.com/index2899.html]
[updaterecomended.com/url_string.html]
[littlecdn.com/clickadu/templates/mobileSchema/youtube/img/default/1.jpg]
[littlecdn.com/clickadu/templates/mobileSchema/youtube/img/default/3.jpg]
[littlecdn.com/clickadu/templates/mobileSchema/youtube/img/logo/1.png]
[littlecdn.com/clickadu/templates/mobileSchema/youtube/img/default/2.jpg]
[littlecdn.com/clickadu/templates/mobileSchema/youtube/css/style.css]
